[06:46:11] registry: 126|emigration|1 325|emigration|0  ; modinfo flag: 1
[06:46:11] probe installed: eep-modtest56.js on none
[06:46:13] game pid 34788
[06:48:42] result=done after 136s
[06:48:51] restored: 126|emigration|1 327|emigration|0  ; modinfo flag: 0 ; probe present: no
[06:48:51] FINISHED result=done
[06:48:51] modtest56-speed-online: 7 pass lines, 0 emigration error lines
[06:49:16] registry: 126|emigration|1 327|emigration|0  ; modinfo flag: 1
[06:49:16] probe installed: eep-modtest56.js on none
[06:49:18] game pid 35709
[06:51:50] result=done after 136s
[06:51:58] restored: 126|emigration|1 329|emigration|0  ; modinfo flag: 0 ; probe present: no
[06:51:58] FINISHED result=done
[06:51:58] modtest56-speed-quick: 7 pass lines, 0 emigration error lines
[06:52:23] registry: 126|emigration|1 329|emigration|0  ; modinfo flag: 1
[06:52:23] probe installed: eep-modtest56.js on none
[06:52:25] game pid 36545
[06:54:45] result=done after 124s
[06:54:53] restored: 126|emigration|1 331|emigration|0  ; modinfo flag: 0 ; probe present: no
[06:54:53] FINISHED result=done
[06:54:53] modtest56-speed-standard: 6 pass lines, 0 emigration error lines
[06:55:18] registry: 126|emigration|1 331|emigration|0  ; modinfo flag: 1
[06:55:18] probe installed: eep-modtest56.js on none
[06:55:20] game pid 37335
[06:57:40] result=done after 124s
[06:57:48] restored: 126|emigration|1 333|emigration|0  ; modinfo flag: 0 ; probe present: no
[06:57:48] FINISHED result=done
[06:57:48] modtest56-speed-epic: 6 pass lines, 0 emigration error lines
[06:58:13] registry: 126|emigration|1 333|emigration|0  ; modinfo flag: 1
[06:58:13] probe installed: eep-modtest57.js on AugustusExp66.Civ7Save
[06:58:15] game pid 38126
[07:47:59] result=done after 2688s
[07:48:07] restored: 126|emigration|1 335|emigration|0  ; modinfo flag: 0 ; probe present: no
[07:48:07] FINISHED result=done
[07:48:07] modtest57-scale-mod: 136 pass lines, 0 emigration error lines
[07:48:32] registry: 126|emigration|1 335|emigration|0  ; modinfo flag: 1
[07:48:32] probe installed: eep-modtest58.js on AugustusExp66.Civ7Save
[07:48:35] game pid 51525
[08:39:53] result=done after 2816s
[08:40:02] restored: 126|emigration|1 337|emigration|0  ; modinfo flag: 0 ; probe present: no
[08:40:02] FINISHED result=done
[08:40:02] modtest58-scale-control: 1 pass lines, 0 emigration error lines
[08:40:02] CHAIN FINISHED
